
> cricket-tournament-backend@1.0.0 build
> tsc

src/controllers/friendController.ts(155,42): error TS2339: Property 'username' does not exist on type 'ObjectId'.
src/controllers/leaderboardController.ts(175,40): error TS2339: Property 'catches' does not exist on type '{ playerId?: ObjectId; name?: string; overs: number; runs: number; wickets: number; teamId?: ObjectId; }'.
src/controllers/leaderboardController.ts(201,25): error TS2339: Property 'photo' does not exist on type 'FlattenMaps<IPlayer> & { _id: ObjectId; }'.
src/controllers/tournamentController.ts(340,33): error TS2345: Argument of type 'string' is not assignable to parameter of type 'ObjectId'.
